<html>
<body>
<pre>
<h1>�Vision Build Log</h1>
<h2>Tool Versions:</h2>
IDE-Version: �Vision V5.33.0.0
Copyright (C) 2020 ARM Ltd and ARM Germany GmbH. All rights reserved.
License Information: Danila Mironov, TUSUR, LIC=----
 
Tool Versions:
Toolchain:       MDK-Lite  Version: 5.33.0.0
Toolchain Path:  D:\Develop\Keil\Core\ARM\ARMCLANG\Bin
C Compiler:      ArmClang.exe V6.15
Assembler:       Armasm.exe V6.15
Linker/Locator:  ArmLink.exe V6.15
Library Manager: ArmAr.exe V6.15
Hex Converter:   FromElf.exe V6.15
CPU DLL:         SARMCM3.DLL V5.33.0.0
Dialog DLL:      DCM.DLL V1.17.3.0
Target DLL:      UL2CM3.DLL V1.163.9.0
Dialog DLL:      TCM.DLL V1.48.0.0
 
<h2>Project:</h2>
D:\Projects\KeilProjects\test\test.uvprojx
Project File Date:  12/21/2020

<h2>Output:</h2>
*** Using Compiler 'V6.15', folder: 'D:\Develop\Keil\Core\ARM\ARMCLANG\Bin'
Rebuild target 'Target 1'
main.cpp(14): warning: no previous prototype for function 'Delay' [-Wmissing-prototypes]
void Delay( void )
     ^
main.cpp(14): note: declare 'static' if the function is not intended to be used outside of this translation unit
void Delay( void )
^
static 
main.cpp(25): warning: use of old-style cast [-Wold-style-cast]
    RCC_APB2PeriphClockCmd( RCC_APB2Periph_GPIOC, ENABLE );  
                            ^~~~~~~~~~~~~~~~~~~~
D:/Develop/Keil/Pack/Keil/STM32F1xx_DFP/2.3.0/Device/StdPeriph_Driver/inc\stm32f10x_rcc.h(500): note: expanded from macro 'RCC_APB2Periph_GPIOC'
#define RCC_APB2Periph_GPIOC             ((uint32_t)0x00000010)
                                          ^         ~~~~~~~~~~
main.cpp(36): warning: use of old-style cast [-Wold-style-cast]
    PortC.GPIO_Pin          = GPIO_Pin_13;          // Номер ноги
                              ^~~~~~~~~~~
D:/Develop/Keil/Pack/Keil/STM32F1xx_DFP/2.3.0/Device/StdPeriph_Driver/inc\stm32f10x_gpio.h(140): note: expanded from macro 'GPIO_Pin_13'
#define GPIO_Pin_13                ((uint16_t)0x2000)  /*!< Pin 13 selected */
                                    ^         ~~~~~~
main.cpp(37): warning: use of old-style cast [-Wold-style-cast]
    GPIO_Init(GPIOC, &PortC);                       // Применяем настройки
              ^~~~~
D:/Develop/Keil/Pack/Keil/STM32F1xx_DFP/2.3.0/Device/Include\stm32f10x.h(1415): note: expanded from macro 'GPIOC'
#define GPIOC               ((GPIO_TypeDef *) GPIOC_BASE)
                                              ^~~~~~~~~~
D:/Develop/Keil/Pack/Keil/STM32F1xx_DFP/2.3.0/Device/Include\stm32f10x.h(1322): note: expanded from macro 'GPIOC_BASE'
#define GPIOC_BASE            (APB2PERIPH_BASE + 0x1000)
                               ^~~~~~~~~~~~~~~
D:/Develop/Keil/Pack/Keil/STM32F1xx_DFP/2.3.0/Device/Include\stm32f10x.h(1288): note: expanded from macro 'APB2PERIPH_BASE'
#define APB2PERIPH_BASE       (PERIPH_BASE + 0x10000)
                               ^~~~~~~~~~~
D:/Develop/Keil/Pack/Keil/STM32F1xx_DFP/2.3.0/Device/Include\stm32f10x.h(1279): note: expanded from macro 'PERIPH_BASE'
#define PERIPH_BASE           ((uint32_t)0x40000000) /*!< Peripheral base address in the alias region */
                               ^         ~~~~~~~~~~
main.cpp(37): warning: use of old-style cast [-Wold-style-cast]
    GPIO_Init(GPIOC, &PortC);                       // Применяем настройки
              ^~~~~
D:/Develop/Keil/Pack/Keil/STM32F1xx_DFP/2.3.0/Device/Include\stm32f10x.h(1415): note: expanded from macro 'GPIOC'
#define GPIOC               ((GPIO_TypeDef *) GPIOC_BASE)
                             ^                ~~~~~~~~~~
main.cpp(50): warning: use of old-style cast [-Wold-style-cast]
        GPIO_WriteBit(GPIOC, GPIO_Pin_13, Bit_SET);     
                      ^~~~~
D:/Develop/Keil/Pack/Keil/STM32F1xx_DFP/2.3.0/Device/Include\stm32f10x.h(1415): note: expanded from macro 'GPIOC'
#define GPIOC               ((GPIO_TypeDef *) GPIOC_BASE)
                                              ^~~~~~~~~~
D:/Develop/Keil/Pack/Keil/STM32F1xx_DFP/2.3.0/Device/Include\stm32f10x.h(1322): note: expanded from macro 'GPIOC_BASE'
#define GPIOC_BASE            (APB2PERIPH_BASE + 0x1000)
                               ^~~~~~~~~~~~~~~
D:/Develop/Keil/Pack/Keil/STM32F1xx_DFP/2.3.0/Device/Include\stm32f10x.h(1288): note: expanded from macro 'APB2PERIPH_BASE'
#define APB2PERIPH_BASE       (PERIPH_BASE + 0x10000)
                               ^~~~~~~~~~~
D:/Develop/Keil/Pack/Keil/STM32F1xx_DFP/2.3.0/Device/Include\stm32f10x.h(1279): note: expanded from macro 'PERIPH_BASE'
#define PERIPH_BASE           ((uint32_t)0x40000000) /*!< Peripheral base address in the alias region */
                               ^         ~~~~~~~~~~
main.cpp(50): warning: use of old-style cast [-Wold-style-cast]
        GPIO_WriteBit(GPIOC, GPIO_Pin_13, Bit_SET);     
                      ^~~~~
D:/Develop/Keil/Pack/Keil/STM32F1xx_DFP/2.3.0/Device/Include\stm32f10x.h(1415): note: expanded from macro 'GPIOC'
#define GPIOC               ((GPIO_TypeDef *) GPIOC_BASE)
                             ^                ~~~~~~~~~~
main.cpp(50): warning: use of old-style cast [-Wold-style-cast]
        GPIO_WriteBit(GPIOC, GPIO_Pin_13, Bit_SET);     
                             ^~~~~~~~~~~
D:/Develop/Keil/Pack/Keil/STM32F1xx_DFP/2.3.0/Device/StdPeriph_Driver/inc\stm32f10x_gpio.h(140): note: expanded from macro 'GPIO_Pin_13'
#define GPIO_Pin_13                ((uint16_t)0x2000)  /*!< Pin 13 selected */
                                    ^         ~~~~~~
main.cpp(61): warning: use of old-style cast [-Wold-style-cast]
        GPIO_WriteBit(GPIOC, GPIO_Pin_13, Bit_RESET);   
                      ^~~~~
D:/Develop/Keil/Pack/Keil/STM32F1xx_DFP/2.3.0/Device/Include\stm32f10x.h(1415): note: expanded from macro 'GPIOC'
#define GPIOC               ((GPIO_TypeDef *) GPIOC_BASE)
                                              ^~~~~~~~~~
D:/Develop/Keil/Pack/Keil/STM32F1xx_DFP/2.3.0/Device/Include\stm32f10x.h(1322): note: expanded from macro 'GPIOC_BASE'
#define GPIOC_BASE            (APB2PERIPH_BASE + 0x1000)
                               ^~~~~~~~~~~~~~~
D:/Develop/Keil/Pack/Keil/STM32F1xx_DFP/2.3.0/Device/Include\stm32f10x.h(1288): note: expanded from macro 'APB2PERIPH_BASE'
#define APB2PERIPH_BASE       (PERIPH_BASE + 0x10000)
                               ^~~~~~~~~~~
D:/Develop/Keil/Pack/Keil/STM32F1xx_DFP/2.3.0/Device/Include\stm32f10x.h(1279): note: expanded from macro 'PERIPH_BASE'
#define PERIPH_BASE           ((uint32_t)0x40000000) /*!< Peripheral base address in the alias region */
                               ^         ~~~~~~~~~~
main.cpp(61): warning: use of old-style cast [-Wold-style-cast]
        GPIO_WriteBit(GPIOC, GPIO_Pin_13, Bit_RESET);   
                      ^~~~~
D:/Develop/Keil/Pack/Keil/STM32F1xx_DFP/2.3.0/Device/Include\stm32f10x.h(1415): note: expanded from macro 'GPIOC'
#define GPIOC               ((GPIO_TypeDef *) GPIOC_BASE)
                             ^                ~~~~~~~~~~
main.cpp(61): warning: use of old-style cast [-Wold-style-cast]
        GPIO_WriteBit(GPIOC, GPIO_Pin_13, Bit_RESET);   
                             ^~~~~~~~~~~
D:/Develop/Keil/Pack/Keil/STM32F1xx_DFP/2.3.0/Device/StdPeriph_Driver/inc\stm32f10x_gpio.h(140): note: expanded from macro 'GPIO_Pin_13'
#define GPIO_Pin_13                ((uint16_t)0x2000)  /*!< Pin 13 selected */
                                    ^         ~~~~~~
main.cpp(73): warning: C++98 requires newline at end of file [-Wc++98-compat-pedantic]
// В конце файла для Кейла обязательна пустая строка! Хз зачем, просто нужна.
                                                                             ^
12 warnings generated.
compiling main.cpp...
D:/Develop/Keil/Pack/Keil/STM32F1xx_DFP/2.3.0/Device/StdPeriph_Driver/src/misc.c(132): warning: implicit conversion loses integer precision: 'uint32_t' (aka 'unsigned int') to 'uint8_t' (aka 'unsigned char') [-Wimplicit-int-conversion]
    NVIC->IP[NVIC_InitStruct->NVIC_IRQChannel] = tmppriority;
                                               ~ ^~~~~~~~~~~
1 warning generated.
compiling misc.c...
assembling startup_stm32f10x_ld_vl.s...
RTE/Device/STM32F100C4/system_stm32f10x.c(167): warning: no previous extern declaration for non-static variable 'AHBPrescTable' [-Wmissing-variable-declarations]
__I uint8_t AHBPrescTable[16] = {0, 0, 0, 0, 0, 0, 0, 0, 1, 2, 3, 4, 6, 7, 8, 9};
            ^
RTE/Device/STM32F100C4/system_stm32f10x.c(167): note: declare 'static' if the variable is not intended to be used outside of this translation unit
__I uint8_t AHBPrescTable[16] = {0, 0, 0, 0, 0, 0, 0, 0, 1, 2, 3, 4, 6, 7, 8, 9};
    ^
1 warning generated.
compiling system_stm32f10x.c...
compiling stm32f10x_gpio.c...
compiling stm32f10x_rcc.c...
linking...
Program Size: Code=848 RO-data=304 RW-data=0 ZI-data=1632  
".\Objects\test.axf" - 0 Error(s), 14 Warning(s).

<h2>Software Packages used:</h2>

Package Vendor: ARM
                http://www.keil.com/pack/ARM.CMSIS.5.7.0.pack
                ARM.CMSIS.5.7.0
                CMSIS (Cortex Microcontroller Software Interface Standard)
   * Component: CORE Version: 5.4.0

Package Vendor: Keil
                http://www.keil.com/pack/Keil.STM32F1xx_DFP.2.3.0.pack
                Keil.STM32F1xx_DFP.2.3.0
                STMicroelectronics STM32F1 Series Device Support, Drivers and Examples
   * Component: Startup Version: 1.0.0
   * Component: Framework Version: 3.5.1
   * Component: GPIO Version: 3.5.0
   * Component: RCC Version: 3.5.0

<h2>Collection of Component include folders:</h2>
  .\RTE\Device\STM32F100C4
  .\RTE\_Target_1
  D:\Develop\Keil\Pack\ARM\CMSIS\5.7.0\CMSIS\Core\Include
  D:\Develop\Keil\Pack\Keil\STM32F1xx_DFP\2.3.0\Device\Include
  D:\Develop\Keil\Pack\Keil\STM32F1xx_DFP\2.3.0\Device\StdPeriph_Driver\inc

<h2>Collection of Component Files used:</h2>

   * Component: ARM::CMSIS:CORE:5.4.0

   * Component: Keil::Device:Startup:1.0.0
      Source file:   Device\Source\ARM\startup_stm32f10x_ld_vl.s
      Source file:   Device\Source\ARM\STM32F1xx_OPT.s
      Source file:   Device\Source\system_stm32f10x.c
      Include file:  RTE_Driver\Config\RTE_Device.h

   * Component: Keil::Device:StdPeriph Drivers:Framework:3.5.1
      Source file:   Device\StdPeriph_Driver\templates\stm32f10x_it.c
      Source file:   Device\StdPeriph_Driver\src\misc.c
      Include file:  Device\StdPeriph_Driver\templates\stm32f10x_it.h
      Include file:  Device\StdPeriph_Driver\inc\misc.h
      Source file:   Device\StdPeriph_Driver\templates\stm32f10x_conf.h

   * Component: Keil::Device:StdPeriph Drivers:GPIO:3.5.0
      Include file:  Device\StdPeriph_Driver\inc\stm32f10x_gpio.h
      Source file:   Device\StdPeriph_Driver\src\stm32f10x_gpio.c

   * Component: Keil::Device:StdPeriph Drivers:RCC:3.5.0
      Source file:   Device\StdPeriph_Driver\src\stm32f10x_rcc.c
      Include file:  Device\StdPeriph_Driver\inc\stm32f10x_rcc.h
Build Time Elapsed:  00:00:01
</pre>
</body>
</html>
